
> my-first-svelte@0.0.1 build
> vite build

[36mvite v8.3.0 [32mbuilding ssr environment for production...[36m[39m
transforming...
node.exe : 2:16:12 AM [vite-plugin-svelte] src/routes/+page.svelte:1796:2 Unused CSS selector ".outline-btn.large"
At C:\Program Files\nodejs\npm.ps1:29 char:3
+   & $NODE_EXE $NPM_CLI_JS $args
+   ~~~~~~~~~~~~~~~~~~~~~~~~~~~~~
    + CategoryInfo          : NotSpecified: (2:16:12 AM [vit...line-btn.large":String) [], RemoteException
    + FullyQualifiedErrorId : NativeCommandError
 
https://svelte.dev/e/css_unused_selector
1794: 
1795:   .primary-btn.large,
1796:   .outline-btn.large {
                          ^
1797:     padding: 14px 30px;
1798:     font-size: 1rem;
2:16:12 AM [vite-plugin-svelte] src/routes/+page.svelte:1812:4 Unused CSS selector ".hero-buttons .outline-btn.large"
https://svelte.dev/e/css_unused_selector
1810:   @media (max-width: 480px) {
1811:     .hero-buttons .primary-btn.large,
1812:     .hero-buttons .outline-btn.large {
                                          ^
1813:       width: 100%;
1814:     }
2:16:12 AM [vite-plugin-svelte] src/routes/+page.svelte:1883:2 Unused CSS selector ".nav-mobile-cta"
https://svelte.dev/e/css_unused_selector
1881:   }
1882: 
1883:   .nav-mobile-cta {
                       ^
1884:     display: none;
1885:   }
2:16:12 AM [vite-plugin-svelte] src/routes/+page.svelte:1928:4 Unused CSS selector ".nav-mobile-cta"
https://svelte.dev/e/css_unused_selector
1926:     }
1927: 
1928:     .nav-mobile-cta {
                         ^
1929:       display: inline-flex;
1930:       margin-top: 12px;
2:16:12 AM [vite-plugin-svelte] src/routes/+page.svelte:2201:4 Unused CSS selector ".hero-buttons .outline-btn"
https://svelte.dev/e/css_unused_selector
2199: 
2200:     .hero-buttons .primary-btn,
2201:     .hero-buttons .outline-btn {
                                    ^
2202:       width: 100%;
2203:     }
Γ£ô 3787 modules transformed.
rendering chunks...
[36mvite v8.3.0 [32mbuilding client environment for production...[36m[39m
transforming...
2:16:31 AM [vite-plugin-svelte] src/routes/+page.svelte:1796:2 Unused CSS selector ".outline-btn.large"
https://svelte.dev/e/css_unused_selector
1794: 
1795:   .primary-btn.large,
1796:   .outline-btn.large {
                          ^
1797:     padding: 14px 30px;
1798:     font-size: 1rem;
2:16:31 AM [vite-plugin-svelte] src/routes/+page.svelte:1812:4 Unused CSS selector ".hero-buttons .outline-btn.large"
https://svelte.dev/e/css_unused_selector
1810:   @media (max-width: 480px) {
1811:     .hero-buttons .primary-btn.large,
1812:     .hero-buttons .outline-btn.large {
                                          ^
1813:       width: 100%;
1814:     }
2:16:31 AM [vite-plugin-svelte] src/routes/+page.svelte:1883:2 Unused CSS selector ".nav-mobile-cta"
https://svelte.dev/e/css_unused_selector
1881:   }
1882: 
1883:   .nav-mobile-cta {
                       ^
1884:     display: none;
1885:   }
2:16:31 AM [vite-plugin-svelte] src/routes/+page.svelte:1928:4 Unused CSS selector ".nav-mobile-cta"
https://svelte.dev/e/css_unused_selector
1926:     }
1927: 
1928:     .nav-mobile-cta {
                         ^
1929:       display: inline-flex;
1930:       margin-top: 12px;
2:16:31 AM [vite-plugin-svelte] src/routes/+page.svelte:2201:4 Unused CSS selector ".hero-buttons .outline-btn"
https://svelte.dev/e/css_unused_selector
2199: 
2200:     .hero-buttons .primary-btn,
2201:     .hero-buttons .outline-btn {
                                    ^
2202:       width: 100%;
2203:     }
Γ£ô 3789 modules transformed.
rendering chunks...
computing gzip size...
.svelte-kit/output/client/_app/version.json                        0.02 kB Γöé gzip:  0.04 kB
.svelte-kit/output/client/.vite/manifest.json                      3.02 kB Γöé gzip:  0.57 kB
.svelte-kit/output/client/_app/immutable/assets/2.CN9AJTEQ.css    28.02 kB Γöé gzip:  4.90 kB
.svelte-kit/output/client/_app/immutable/assets/3.1kc1c5pt.css    31.49 kB Γöé gzip:  5.82 kB
.svelte-kit/output/client/_app/immutable/chunks/xihTtKlq.js        0.06 kB Γöé gzip:  0.08 kB
.svelte-kit/output/client/_app/immutable/entry/start.DWXVpNoL.js   0.08 kB Γöé gzip:  0.09 kB
.svelte-kit/output/client/_app/immutable/nodes/0.LIx6UkGs.js       0.17 kB Γöé gzip:  0.15 kB
.svelte-kit/output/client/_app/immutable/nodes/1.opC9XNzm.js       0.57 kB Γöé gzip:  0.32 kB
.svelte-kit/output/client/_app/immutable/chunks/Bjy-W4x2.js        1.36 kB Γöé gzip:  0.65 kB
.svelte-kit/output/client/_app/immutable/entry/app.DdNHG6dX.js     4.19 kB Γöé gzip:  1.93 kB
.svelte-kit/output/client/_app/immutable/chunks/CzwL_FLu.js        6.50 kB Γöé gzip:  1.95 kB
.svelte-kit/output/client/_app/immutable/chunks/D19gDUnp.js       34.59 kB Γöé gzip: 13.03 kB
.svelte-kit/output/client/_app/immutable/nodes/3.DJuMYxQx.js      37.65 kB Γöé gzip: 11.95 kB
.svelte-kit/output/client/_app/immutable/nodes/2.D8W89yGV.js      42.55 kB Γöé gzip: 11.82 kB
.svelte-kit/output/client/_app/immutable/chunks/BNFKuYrO.js       56.28 kB Γöé gzip: 21.36 kB

[32mΓ£ô built in 10.03s[39m
[33m[33m[PLUGIN_TIMINGS] [0mPlugin hooks ran for 9.7s of this 10.0s build (97%).
The slowest hooks, timed inside each callback (the wait before a callback starts is excluded, the time it awaits is included):
  - vite-plugin-svelte:compile transform (49%, 4.9s, 1692 calls)
  - vite-plugin-svelte:preprocess transform (18%, 1.8s, 1692 calls)
Additional hook time came from the hooks below and from hooks under 1s.
2 hooks are listed without a time. Their calls overlapped, so the time inside one call includes work from other calls. To find their cost, 
profile the build with `node --cpu-prof`:
  - vite-plugin-sveltekit-guard resolveId (15180 calls)
  - vite:css transform (2 calls)
See https://rolldown.rs/reference/InputOptions.checks#plugintimings for more details.
[39m
computing gzip size...
.svelte-kit/output/server/.vite/manifest.json                                5.70 kB Γöé gzip:  0.82 kB
.svelte-kit/output/server/_app/immutable/assets/_page.CJTqd67M.css          27.95 kB Γöé gzip:  4.89 kB
.svelte-kit/output/server/_app/immutable/assets/_page.CXQnv2Zh.css          31.42 kB Γöé gzip:  5.81 kB
.svelte-kit/output/server/env.js                                             0.22 kB Γöé gzip:  0.14 kB
.svelte-kit/output/server/entries/fallbacks/layout.svelte.js                 0.28 kB Γöé gzip:  0.21 kB
.svelte-kit/output/server/chunks/env.js                                      0.28 kB Γöé gzip:  0.17 kB
.svelte-kit/output/server/internal.js                                        0.45 kB Γöé gzip:  0.21 kB
.svelte-kit/output/server/chunks/shared-server.js                            0.60 kB Γöé gzip:  0.26 kB
.svelte-kit/output/server/entries/endpoints/api/doctors/logout/_server.js    0.66 kB Γöé gzip:  0.38 kB
.svelte-kit/output/server/entries/pages/doctor-dashboard/_page.server.js     0.68 kB Γöé gzip:  0.42 kB
.svelte-kit/output/server/chunks/internal2.js                                0.74 kB Γöé gzip:  0.34 kB
.svelte-kit/output/server/entries/hooks.server.js                            1.34 kB Γöé gzip:  0.78 kB
.svelte-kit/output/server/entries/endpoints/api/doctors/_id_/_server.js      1.62 kB Γöé gzip:  0.82 kB
.svelte-kit/output/server/chunks/client.js                                   1.80 kB Γöé gzip:  0.75 kB
.svelte-kit/output/server/entries/fallbacks/error.svelte.js                  2.77 kB Γöé gzip:  1.16 kB
.svelte-kit/output/server/entries/endpoints/api/doctors/login/_server.js     2.98 kB Γöé gzip:  1.29 kB
.svelte-kit/output/server/entries/endpoints/api/doctors/_server.js           4.22 kB Γöé gzip:  1.74 kB
.svelte-kit/output/server/chunks/upstream.js                                 4.92 kB Γöé gzip:  2.19 kB
.svelte-kit/output/server/chunks/session.js                                  7.40 kB Γöé gzip:  2.85 kB
.svelte-kit/output/server/chunks/exports.js                                  9.01 kB Γöé gzip:  2.96 kB
.svelte-kit/output/server/chunks/shared.js                                  10.57 kB Γöé gzip:  3.38 kB
.svelte-kit/output/server/chunks/utils.js                                   31.76 kB Γöé gzip:  9.35 kB
.svelte-kit/output/server/chunks/internal.js                                40.12 kB Γöé gzip: 11.53 kB
.svelte-kit/output/server/entries/pages/_page.svelte.js                     46.62 kB Γöé gzip:  7.58 kB
.svelte-kit/output/server/remote-entry.js                                   54.49 kB Γöé gzip: 12.02 kB
.svelte-kit/output/server/chunks/wallet.js                                  68.54 kB Γöé gzip:  6.55 kB
.svelte-kit/output/server/entries/pages/doctor-dashboard/_page.svelte.js    68.89 kB Γöé gzip: 10.54 kB
.svelte-kit/output/server/chunks/server.js                                 123.89 kB Γöé gzip: 32.53 kB
.svelte-kit/output/server/index.js                                         126.09 kB Γöé gzip: 31.93 kB

[32mΓ£ô built in 33.42s[39m

Run npm run preview to preview your production build locally.

> Using @sveltejs/adapter-auto
  Could not detect a supported production environment. See https://svelte.dev/docs/kit/adapters to learn how to configure your app to run on the platform of your choosing
  Γ£ö done
[33m[33m[PLUGIN_TIMINGS] [0mPlugin hooks ran for 28.2s of this 33.3s build (85%).
The slowest hooks, timed inside each callback (the wait before a callback starts is excluded, the time it awaits is included):
  - vite-plugin-sveltekit-compile writeBundle (49%, 16.1s, 1 call)
  - vite-plugin-svelte:compile transform (18%, 5.9s, 1692 calls)
  - vite-plugin-svelte:preprocess transform (4%, 1.3s, 1692 calls)
Additional hook time came from the hooks below and from hooks under 1s.
2 hooks are listed without a time. Their calls overlapped, so the time inside one call includes work from other calls. To find their cost, 
profile the build with `node --cpu-prof`:
  - vite-plugin-sveltekit-guard resolveId (11749 calls)
  - vite:css-post renderChunk (26 calls)
See https://rolldown.rs/reference/InputOptions.checks#plugintimings for more details.
[39m
